%!Adobe-FontList 1.20
%Locale:0x809

%BeginFont
Handler:DirectoryHandler
FontType:Invalid
OutlineFileName:C:\Users\deniss.ivanjuk\Documents\HTML\huawei-poll_1000x400\Font\HuaweiSans-Bold.eot
FileModTime:1579248580
%EndFont

%BeginFont
Handler:DirectoryHandler
FontType:Invalid
OutlineFileName:C:\Users\deniss.ivanjuk\Documents\HTML\huawei-poll_1000x400\Font\HuaweiSans-Bold.svg
FileModTime:1579248618
%EndFont

%BeginFont
Handler:DirectoryHandler
FontType:TrueType
FontName:HuaweiSans-Bold
FamilyName:Huawei Sans
StyleName:Bold
FullName:Huawei Sans Bold
MenuName:Huawei Sans
StyleBits:2
WritingScript:Roman
OutlineFileName:C:\Users\deniss.ivanjuk\Documents\HTML\huawei-poll_1000x400\Font\HuaweiSans-Bold.ttf
DataFormat:sfntData
hasSVG:no
VariableFontType:NonVariableFont
FileLength:86780
FileModTime:1579248607
WeightClass:700
WidthClass:5
AngleClass:0
NameArray:0,Mac,4,Huawei Sans Bold
NameArray:0,Win,1,Huawei Sans
%EndFont

%BeginFont
Handler:DirectoryHandler
FontType:Invalid
OutlineFileName:C:\Users\deniss.ivanjuk\Documents\HTML\huawei-poll_1000x400\Font\HuaweiSans-Bold.woff
FileModTime:1579248600
%EndFont

%BeginFont
Handler:DirectoryHandler
FontType:Invalid
OutlineFileName:C:\Users\deniss.ivanjuk\Documents\HTML\huawei-poll_1000x400\Font\HuaweiSans-Bold.woff2
FileModTime:1579248589
%EndFont

%BeginFont
Handler:DirectoryHandler
FontType:Invalid
OutlineFileName:C:\Users\deniss.ivanjuk\Documents\HTML\huawei-poll_1000x400\Font\HuaweiSans.eot
FileModTime:1579248705
%EndFont

%BeginFont
Handler:DirectoryHandler
FontType:Invalid
OutlineFileName:C:\Users\deniss.ivanjuk\Documents\HTML\huawei-poll_1000x400\Font\HuaweiSans.svg
FileModTime:1579248753
%EndFont

%BeginFont
Handler:DirectoryHandler
FontType:TrueType
FontName:HuaweiSans
FamilyName:Huawei Sans
StyleName:Regular
FullName:Huawei Sans
MenuName:Huawei Sans
StyleBits:0
WritingScript:Roman
OutlineFileName:C:\Users\deniss.ivanjuk\Documents\HTML\huawei-poll_1000x400\Font\HuaweiSans.ttf
DataFormat:sfntData
hasSVG:no
VariableFontType:NonVariableFont
FileLength:86416
FileModTime:1579248746
WeightClass:400
WidthClass:5
AngleClass:0
NameArray:0,Mac,4,Huawei Sans
NameArray:0,Win,1,Huawei Sans
%EndFont

%BeginFont
Handler:DirectoryHandler
FontType:Invalid
OutlineFileName:C:\Users\deniss.ivanjuk\Documents\HTML\huawei-poll_1000x400\Font\HuaweiSans.woff
FileModTime:1579248739
%EndFont

%BeginFont
Handler:DirectoryHandler
FontType:Invalid
OutlineFileName:C:\Users\deniss.ivanjuk\Documents\HTML\huawei-poll_1000x400\Font\HuaweiSans.woff2
FileModTime:1579248729
%EndFont

